../Core/Src/main.c:112:5:main	16	static
../Core/Src/main.c:229:6:SystemClock_Config	88	static
../Core/Src/main.c:276:13:MX_TIM1_Init	96	static
../Core/Src/main.c:351:13:MX_TIM3_Init	64	static
../Core/Src/main.c:414:13:MX_TIM4_Init	32	static
../Core/Src/main.c:459:13:MX_USART2_UART_Init	8	static
../Core/Src/main.c:492:13:MX_USART6_UART_Init	8	static
../Core/Src/main.c:525:13:MX_GPIO_Init	48	static
../Core/Src/main.c:586:6:HAL_TIM_PeriodElapsedCallback	16	static
../Core/Src/main.c:602:6:esp_event	120	static
../Core/Src/main.c:650:6:calc_distance1	32	static
../Core/Src/main.c:672:6:calc_distance2	32	static
../Core/Src/main.c:694:6:servo_motor_control	16	static
../Core/Src/main.c:699:6:dc_motor	16	static
../Core/Src/main.c:706:6:BUZZER	8	static
../Core/Src/main.c:719:6:Error_Handler	4	static,ignoring_inline_asm
