../Core/Src/main.c:107:5:main	16	static
../Core/Src/main.c:210:6:SystemClock_Config	88	static
../Core/Src/main.c:257:13:MX_I2C1_Init	8	static
../Core/Src/main.c:291:13:MX_TIM3_Init	32	static
../Core/Src/main.c:336:13:MX_USART2_UART_Init	8	static
../Core/Src/main.c:369:13:MX_USART6_UART_Init	8	static
../Core/Src/main.c:402:13:MX_GPIO_Init	48	static
../Core/Src/main.c:437:6:MPU6050_Write	32	static
../Core/Src/main.c:441:6:MPU6050_Write_bits	48	static
../Core/Src/main.c:460:9:MPU6050_Read	40	static
../Core/Src/main.c:466:6:init_MPU6050	16	static
../Core/Src/main.c:489:6:read_MPU6050_data	16	static
../Core/Src/main.c:498:5:_write	24	static
../Core/Src/main.c:503:6:calc_degree	24	static
../Core/Src/main.c:527:6:HAL_TIM_PeriodElapsedCallback	16	static
../Core/Src/main.c:542:6:Error_Handler	4	static,ignoring_inline_asm
